==========================================
reduce in PROGRAM : init .
result Configuration: 
< 'FibTester : Cl | Inh: noInh,Par: 'f,,'n,Att: 'f |-> null, 'n |-> null,Mtds:
< 'init : Mtdname | Param: noAid,Latt: noSubst,Code: skip ; return(emp) > *
< 'run : Mtdname | Param: noAid,Latt: 'res |-> null,Code: 't ! 'f . 'fibonacci(
    'n) ; 't ?('res) ; return(emp) >,Ocnt: 0 >
 
< 'Fibonacci : Cl | Inh: noInh,Par: 'n,Att: 'n |-> null,Mtds:
< 'fib : Mtdname | Param: 'n,Latt: 'a |-> null, 'b |-> null, 'f |-> null, 'n
    |-> null,Code: if 'equal[['n # int(0)]] th 'f ::= int(1) el if 'equal[['n #
    int(1)]] th 'f ::= int(1) el 's ! 'this . 'fib('minus[['n # int(1)]]) ; 's
    ?('a) ; 't ! 'this . 'fib('minus[['n # int(2)]]) ; 't ?('b) ; 'f ::= (
    'plus[['a # 'b]]) fi fi ; return('f) > *
< 'fibonacci : Mtdname | Param: 'n,Latt: 'f |-> null, 'n |-> null,Code: 't !
    'this . 'fib('n) ; 't ?('f) ; return('f) > *
< 'init : Mtdname | Param: noAid,Latt: noSubst,Code: skip ; return(emp) > *
< 'run : Mtdname | Param: noAid,Latt: 'res |-> null,Code: 't ! 'this . 'fib('n)
    ; await ('t ??) ; 't ?('res) ; return(emp) >,Ocnt: 0 >

Bye.
