==========================================
reduce in PROGRAM : init .
result [Configuration]: 
< 'Christmas : Cl | Inh: noInh,Par: noAid,Att: noSubst,Mtds:
< 'run : Mtdname | Param: noAid,Latt: 'e |-> null, 'r |-> null, 'sc |-> null,
    Code: 'sc ::= new 'SantaClausClass(emp) ; 'r ::= new 'Reindeer('sc) ; 'r
    ::= new 'Reindeer('sc) ; 'r ::= new 'Reindeer('sc) ; 'r ::= new 'Reindeer(
    'sc) ; 'r ::= new 'Reindeer('sc) ; 'e ::= new 'Elf('sc) ; 'e ::= new 'Elf(
    'sc) ; 'e ::= new 'Elf('sc) ; 'e ::= new 'Elf('sc) ; 'e ::= new 'Elf('sc) ;
    'e ::= new 'Elf('sc) ; 'e ::= new 'Elf('sc) ; return(emp) >,Ocnt: 0 >
 
< 'ElfC : Cl | Inh: noInh,Par: 'sc,Att: 'sc |-> null,Mtds:
< 'run : Mtdname | Param: noAid,Latt: noSubst,Code: ! 'this . 'work(emp) ;
    return(emp) > *
< 'showIn : Mtdname | Param: noAid,Latt: noSubst,Code: ! 'this . 'talkToSanta(
    emp) ; return(emp) > *
< 'showOut : Mtdname | Param: noAid,Latt: noSubst,Code: ! 'this . 'work(emp) ;
    return(emp) > *
< 'talkToSanta : Mtdname | Param: noAid,Latt: noSubst,Code: skip ; return(emp)
    > *
< 'work : Mtdname | Param: noAid,Latt: noSubst,Code: ! 'sc . 'haveProblem(emp)
    ; return(emp) >,Ocnt: 0 >
 
< 'LeaderElfC : Cl | Inh: 'ElfC < emp >,Par: 'sc,,'elves,Att: 'elves |-> null,
    'sc |-> null,Mtds:
< 'run : Mtdname | Param: noAid,Latt: noSubst,Code: 'run @ 'ElfC(emp : noAid) ;
    return(emp) > *
< 'work : Mtdname | Param: noAid,Latt: noSubst,Code: ! 'sc . 'haveProblem(emp)
    ; return(emp) >,Ocnt: 0 >
 
< 'ReindeerC : Cl | Inh: noInh,Par: 'sc,Att: 'sc |-> null,Mtds:
< 'deliverToys : Mtdname | Param: noAid,Latt: noSubst,Code: skip ; return(emp)
    > *
< 'harness : Mtdname | Param: noAid,Latt: noSubst,Code: ! 'this . 'deliverToys(
    emp) ; return(emp) > *
< 'holiday : Mtdname | Param: noAid,Latt: noSubst,Code: ! 'sc .
    'backFromHoliday(emp) ; return(emp) > *
< 'run : Mtdname | Param: noAid,Latt: noSubst,Code: ! 'this . 'holiday(emp) ;
    return(emp) > *
< 'unharness : Mtdname | Param: noAid,Latt: noSubst,Code: ! 'this . 'holiday(
    emp) ; return(emp) >,Ocnt: 0 >
 
< 'SantaClausC : Cl | Inh: noInh,Par: noAid,Att: 'ctElves |-> null,
    'ctRreindeers |-> null, 'harnessedReindeers |-> null, 'inofficeElves |->
    null, 'waitElves |-> null, 'waitRreindeers |-> null,Mtds:
< 'backFromHoliday : Mtdname | Param: noAid,Latt: noSubst,Code: 'ctReindeers
    ::= ('plus[['ctReindeers # int(1)]]) ; 'waitReindeers ::= ('plus[[
    'waitReindeers # 'caller]]) ; return(emp) > *
< 'deliverToys : Mtdname | Param: noAid,Latt: noSubst,Code: 'ctReindeers ::=
    int(0) ; 't1 ! ('first[['waitReindeers]]) . 'harness(emp) ;
    'harnessedReindeers ::= ('plus[['harnessedReindeers # ('first[[
    'waitReindeers]])]]) ; 'waitReindeers ::= ('rest[['waitReindeers]]) ; 't5 !
    ('first[['waitReindeers]]) . 'harness(emp) ; 'harnessedReindeers ::= (
    'plus[['harnessedReindeers # ('first[['waitReindeers]])]]) ; 'waitReindeers
    ::= ('rest[['waitReindeers]]) ; await ('t1 ? 'and 't2 ? 'and 't3 ? 'and 't4
    ? 'and 't5 ?) ; ! ('first[['harnessedReindeers]]) . 'unharness(emp) ;
    'harnessedReindeers ::= ('rest[['harnessedReindeers]]) ; ! ('first[[
    'harnessedReindeers]]) . 'unharness(emp) ; 'harnessedReindeers ::= ('rest[[
    'harnessedReindeers]]) ; return(emp) > *
< 'haveProblem : Mtdname | Param: noAid,Latt: noSubst,Code: 'ctElves ::= (
    'plus[['ctElves # int(1)]]) ; 'waitElves ::= ('plus[['waitElves #
    'caller]]) ; return(emp) > *
< 'loop : Mtdname | Param: noAid,Latt: noSubst,Code: (await ('equal[[
    'ctReindeers # int(5)]]) ; 'deliverToys(emp : noAid)[]await ('equal[[('and[
    [('lessEq[[int(3) # 'ctElves]]) # ('not[['ctReindeers]])]]) # int(9)]]) ;
    'talkToElves(emp : noAid)) ; ! 'this . 'loop(emp) ; return(emp) > *
< 'run : Mtdname | Param: noAid,Latt: noSubst,Code: ! 'this . 'loop(emp) ;
    return(emp) > *
< 'talkToelves : Mtdname | Param: noAid,Latt: noSubst,Code: 'ctElves ::= (
    'minus[['ctElves # int(3)]]) ; 't1 ! ('first[['waitElves]]) . 'showIn(emp)
    ; 'inofficeElves ::= ('plus[['inofficeElves # ('first[['waitElves]])]]) ;
    'waitElves ::= ('rest[['waitElves]]) ; 't2 ! ('first[['waitElves]]) .
    'showIn(emp) ; 'inofficeElves ::= ('plus[['inofficeElves # ('first[[
    'waitElves]])]]) ; 'waitElves ::= ('rest[['waitElves]]) ; 't3 ! ('first[[
    'waitElves]]) . 'showIn(emp) ; 'inofficeElves ::= ('plus[['inofficeElves #
    ('first[['waitElves]])]]) ; 'waitElves ::= ('rest[['waitElves]]) ; await (
    't1 ? 'and 't2 ? 'and 't3 ?) ; 't1 ! ('first[['inoffcieElves]]) . 'showOut(
    emp) ; 'inofficeElves ::= ('rest[['inofficeElves]]) ; 't2 ! ('first[[
    'inoffcieElves]]) . 'showOut(emp) ; 'inofficeElves ::= ('rest[[
    'inofficeElves]]) ; 't3 ! ('first[['inoffcieElves]]) . 'showOut(emp) ;
    'inofficeElves ::= ('rest[['inofficeElves]]) ; await ('t1 ? 'and 't2 ? 'and
    't3 ?) ; return(emp) >,Ocnt: 0 >

Bye.
