==========================================
reduce in PROGRAM : init .
result Class: 
< 'Buffer : Cl | Inh: noInh,Par: noAid,Att: 'cell |-> null, 'ctr |-> null,
    'next |-> null,Mtds:
< 'get : Mtdname | Param: noAid,Latt: 'x |-> null,Code: await ('less[[int(0) #
    'ctr]]) ; if 'not[['equal[['cell # null]]]] th 'x ::= 'cell el 'next .
    'get(emp : 'x) fi ; 'ctr ::= ('minus[['ctr # int(1)]]) ; ('cell assign
    null) ; return('x) > *
< 'init : Mtdname | Param: noAid,Latt: noSubst,Code: ('ctr assign int(0)) ;
    return(emp) > *
< 'put : Mtdname | Param: 'x,Latt: 'x |-> null,Code: if 'equal[['ctr # int(0)]]
    th 'cell ::= 'x el if 'equal[['next # null]] th 'next ::= new 'Buffer(emp)
    el skip fi ; 'next . 'put('x : noAid) fi ; 'ctr ::= ('plus[['ctr # int(
    1)]]) ; return(emp) > *
< 'run : Mtdname | Param: noAid,Latt: noSubst,Code: skip ; return(emp) >,Ocnt:
    0 >

Bye.
